mode: set
github.com/your-org/go-selfupdate-template/cmd/binarysign/main.go:15.13,19.17 4 0
github.com/your-org/go-selfupdate-template/cmd/binarysign/main.go:19.17,21.3 1 0
github.com/your-org/go-selfupdate-template/cmd/binarysign/main.go:22.2,22.16 1 0
github.com/your-org/go-selfupdate-template/cmd/binarysign/main.go:22.16,24.3 1 0
github.com/your-org/go-selfupdate-template/cmd/binarysign/main.go:25.2,26.15 2 0
github.com/your-org/go-selfupdate-template/cmd/binarysign/main.go:26.15,28.3 1 0
github.com/your-org/go-selfupdate-template/cmd/binarysign/main.go:29.2,30.54 2 0
github.com/your-org/go-selfupdate-template/cmd/binarysign/main.go:30.54,32.3 1 0
github.com/your-org/go-selfupdate-template/cmd/binarysign/main.go:33.2,34.16 2 0
github.com/your-org/go-selfupdate-template/cmd/binarysign/main.go:34.16,36.3 1 0
github.com/your-org/go-selfupdate-template/cmd/binarysign/main.go:37.2,38.16 2 0
github.com/your-org/go-selfupdate-template/cmd/binarysign/main.go:38.16,40.3 1 0
github.com/your-org/go-selfupdate-template/cmd/binarysign/main.go:41.2,41.68 1 0
github.com/your-org/go-selfupdate-template/cmd/binarysign/main.go:41.68,43.3 1 0
github.com/your-org/go-selfupdate-template/cmd/binarysign/main.go:44.2,44.19 1 0
github.com/your-org/go-selfupdate-template/cmd/binarysign/main.go:46.22,46.64 2 0
github.com/your-org/go-selfupdate-template/cmd/app/main.go:8.13,8.78 1 0
github.com/your-org/go-selfupdate-template/cmd/newfeature/main.go:15.13,18.31 3 0
github.com/your-org/go-selfupdate-template/cmd/newfeature/main.go:18.31,20.3 1 0
github.com/your-org/go-selfupdate-template/cmd/newfeature/main.go:21.2,22.49 2 0
github.com/your-org/go-selfupdate-template/cmd/newfeature/main.go:22.49,24.3 1 0
github.com/your-org/go-selfupdate-template/cmd/newfeature/main.go:25.2,25.48 1 0
github.com/your-org/go-selfupdate-template/cmd/newfeature/main.go:25.48,27.3 1 0
github.com/your-org/go-selfupdate-template/cmd/newfeature/main.go:28.2,53.39 7 0
github.com/your-org/go-selfupdate-template/cmd/newfeature/main.go:56.33,60.54 4 0
github.com/your-org/go-selfupdate-template/cmd/newfeature/main.go:60.54,62.37 2 0
github.com/your-org/go-selfupdate-template/cmd/newfeature/main.go:62.37,64.4 1 0
github.com/your-org/go-selfupdate-template/cmd/newfeature/main.go:66.2,70.28 5 0
github.com/your-org/go-selfupdate-template/cmd/newfeature/main.go:70.28,72.3 1 0
github.com/your-org/go-selfupdate-template/cmd/newfeature/main.go:73.2,74.31 2 0
github.com/your-org/go-selfupdate-template/cmd/newfeature/main.go:76.36,77.65 1 0
github.com/your-org/go-selfupdate-template/cmd/newfeature/main.go:77.65,79.3 1 0
github.com/your-org/go-selfupdate-template/cmd/newfeature/main.go:81.22,81.64 2 0
github.com/your-org/go-selfupdate-template/cmd/keygen/main.go:13.13,15.16 2 0
github.com/your-org/go-selfupdate-template/cmd/keygen/main.go:15.16,18.3 2 0
github.com/your-org/go-selfupdate-template/cmd/keygen/main.go:19.2,24.39 6 0
github.com/your-org/go-selfupdate-template/cmd/manifestsign/main.go:14.13,20.15 6 0
github.com/your-org/go-selfupdate-template/cmd/manifestsign/main.go:20.15,22.3 1 0
github.com/your-org/go-selfupdate-template/cmd/manifestsign/main.go:23.2,24.54 2 0
github.com/your-org/go-selfupdate-template/cmd/manifestsign/main.go:24.54,26.3 1 0
github.com/your-org/go-selfupdate-template/cmd/manifestsign/main.go:27.2,28.16 2 0
github.com/your-org/go-selfupdate-template/cmd/manifestsign/main.go:28.16,30.3 1 0
github.com/your-org/go-selfupdate-template/cmd/manifestsign/main.go:31.2,32.46 2 0
github.com/your-org/go-selfupdate-template/cmd/manifestsign/main.go:32.46,34.3 1 0
github.com/your-org/go-selfupdate-template/cmd/manifestsign/main.go:35.2,35.64 1 0
github.com/your-org/go-selfupdate-template/cmd/manifestsign/main.go:35.64,37.3 1 0
github.com/your-org/go-selfupdate-template/cmd/manifestsign/main.go:38.2,39.16 2 0
github.com/your-org/go-selfupdate-template/cmd/manifestsign/main.go:39.16,41.3 1 0
github.com/your-org/go-selfupdate-template/cmd/manifestsign/main.go:42.2,42.52 1 0
github.com/your-org/go-selfupdate-template/cmd/manifestsign/main.go:42.52,44.3 1 0
github.com/your-org/go-selfupdate-template/cmd/manifestsign/main.go:45.2,45.19 1 0
github.com/your-org/go-selfupdate-template/cmd/manifestsign/main.go:47.22,47.64 2 0
github.com/your-org/go-selfupdate-template/cmd/templateinit/main.go:12.13,17.33 5 0
github.com/your-org/go-selfupdate-template/cmd/templateinit/main.go:17.33,19.3 1 0
github.com/your-org/go-selfupdate-template/cmd/templateinit/main.go:20.2,22.16 3 0
github.com/your-org/go-selfupdate-template/cmd/templateinit/main.go:22.16,24.3 1 0
github.com/your-org/go-selfupdate-template/cmd/templateinit/main.go:25.2,26.54 2 0
github.com/your-org/go-selfupdate-template/cmd/templateinit/main.go:26.54,27.41 1 0
github.com/your-org/go-selfupdate-template/cmd/templateinit/main.go:27.41,29.9 2 0
github.com/your-org/go-selfupdate-template/cmd/templateinit/main.go:32.2,32.21 1 0
github.com/your-org/go-selfupdate-template/cmd/templateinit/main.go:32.21,34.3 1 0
github.com/your-org/go-selfupdate-template/cmd/templateinit/main.go:35.2,36.82 2 0
github.com/your-org/go-selfupdate-template/cmd/templateinit/main.go:36.82,37.17 1 0
github.com/your-org/go-selfupdate-template/cmd/templateinit/main.go:37.17,39.4 1 0
github.com/your-org/go-selfupdate-template/cmd/templateinit/main.go:40.3,40.16 1 0
github.com/your-org/go-selfupdate-template/cmd/templateinit/main.go:40.16,42.40 2 0
github.com/your-org/go-selfupdate-template/cmd/templateinit/main.go:42.40,44.5 1 0
github.com/your-org/go-selfupdate-template/cmd/templateinit/main.go:45.4,45.14 1 0
github.com/your-org/go-selfupdate-template/cmd/templateinit/main.go:47.3,47.24 1 0
github.com/your-org/go-selfupdate-template/cmd/templateinit/main.go:47.24,49.4 1 0
github.com/your-org/go-selfupdate-template/cmd/templateinit/main.go:50.3,51.17 2 0
github.com/your-org/go-selfupdate-template/cmd/templateinit/main.go:51.17,53.4 1 0
github.com/your-org/go-selfupdate-template/cmd/templateinit/main.go:54.3,63.22 10 0
github.com/your-org/go-selfupdate-template/cmd/templateinit/main.go:63.22,65.4 1 0
github.com/your-org/go-selfupdate-template/cmd/templateinit/main.go:66.3,67.17 2 0
github.com/your-org/go-selfupdate-template/cmd/templateinit/main.go:67.17,69.4 1 0
github.com/your-org/go-selfupdate-template/cmd/templateinit/main.go:70.3,70.81 1 0
github.com/your-org/go-selfupdate-template/cmd/templateinit/main.go:70.81,72.4 1 0
github.com/your-org/go-selfupdate-template/cmd/templateinit/main.go:73.3,74.13 2 0
github.com/your-org/go-selfupdate-template/cmd/templateinit/main.go:76.2,76.16 1 0
github.com/your-org/go-selfupdate-template/cmd/templateinit/main.go:76.16,78.3 1 0
github.com/your-org/go-selfupdate-template/cmd/templateinit/main.go:79.2,79.89 1 0
github.com/your-org/go-selfupdate-template/cmd/templateinit/main.go:82.35,84.15 2 0
github.com/your-org/go-selfupdate-template/cmd/templateinit/main.go:84.15,86.3 1 0
github.com/your-org/go-selfupdate-template/cmd/templateinit/main.go:87.2,87.13 1 0
github.com/your-org/go-selfupdate-template/cmd/templateinit/main.go:88.89,89.14 1 0
github.com/your-org/go-selfupdate-template/cmd/templateinit/main.go:90.10,91.15 1 0
github.com/your-org/go-selfupdate-template/cmd/templateinit/main.go:94.22,94.64 2 0
github.com/your-org/go-selfupdate-template/cmd/testupdateserver/main.go:14.13,20.32 6 0
github.com/your-org/go-selfupdate-template/cmd/testupdateserver/main.go:20.32,21.38 1 0
github.com/your-org/go-selfupdate-template/cmd/testupdateserver/main.go:23.2,24.16 2 0
github.com/your-org/go-selfupdate-template/cmd/testupdateserver/main.go:24.16,25.13 1 0
github.com/your-org/go-selfupdate-template/cmd/testupdateserver/main.go:27.2,29.16 3 0
github.com/your-org/go-selfupdate-template/cmd/testupdateserver/main.go:29.16,30.13 1 0
github.com/your-org/go-selfupdate-template/cmd/testupdateserver/main.go:32.2,34.90 3 0
github.com/your-org/go-selfupdate-template/cmd/testupdateserver/main.go:34.90,39.3 1 0
github.com/your-org/go-selfupdate-template/cmd/testupdateserver/main.go:40.2,40.72 1 0
github.com/your-org/go-selfupdate-template/cmd/testupdateserver/main.go:40.72,40.104 1 0
github.com/your-org/go-selfupdate-template/cmd/testupdateserver/main.go:41.2,41.18 1 0
github.com/your-org/go-selfupdate-template/cmd/testupdateserver/main.go:41.18,43.3 1 0
github.com/your-org/go-selfupdate-template/cmd/testupdateserver/main.go:44.2,45.44 2 0
github.com/your-org/go-selfupdate-template/cmd/testupdateserver/main.go:45.44,46.13 1 0
github.com/your-org/go-selfupdate-template/cmd/versiongen/main.go:14.13,19.15 5 0
github.com/your-org/go-selfupdate-template/cmd/versiongen/main.go:19.15,22.17 3 0
github.com/your-org/go-selfupdate-template/cmd/versiongen/main.go:22.17,24.4 1 0
github.com/your-org/go-selfupdate-template/cmd/versiongen/main.go:25.3,25.18 1 0
github.com/your-org/go-selfupdate-template/cmd/versiongen/main.go:27.2,28.25 2 0
github.com/your-org/go-selfupdate-template/cmd/versiongen/main.go:28.25,31.3 2 0
github.com/your-org/go-selfupdate-template/cmd/versiongen/main.go:32.2,32.17 1 0
github.com/your-org/go-selfupdate-template/cmd/versiongen/main.go:33.17,34.26 1 0
github.com/your-org/go-selfupdate-template/cmd/versiongen/main.go:35.13,36.23 1 0
github.com/your-org/go-selfupdate-template/cmd/versiongen/main.go:37.14,38.58 1 0
github.com/your-org/go-selfupdate-template/cmd/versiongen/main.go:39.10,40.50 1 0
github.com/your-org/go-selfupdate-template/cmd/versiongen/main.go:43.33,48.2 4 0
github.com/your-org/go-selfupdate-template/cmd/versiongen/main.go:49.23,49.94 2 0
github.com/your-org/go-selfupdate-template/internal/features/features.go:28.26,31.30 3 1
github.com/your-org/go-selfupdate-template/internal/features/features.go:31.30,32.31 1 0
github.com/your-org/go-selfupdate-template/internal/features/features.go:34.2,34.35 1 1
github.com/your-org/go-selfupdate-template/internal/features/features.go:34.35,35.53 1 0
github.com/your-org/go-selfupdate-template/internal/features/features.go:37.2,37.22 1 1
github.com/your-org/go-selfupdate-template/internal/features/features.go:39.22,43.27 4 0
github.com/your-org/go-selfupdate-template/internal/features/features.go:43.27,45.3 1 0
github.com/your-org/go-selfupdate-template/internal/features/features.go:46.2,48.25 3 0
github.com/your-org/go-selfupdate-template/internal/features/features.go:48.25,50.3 1 0
github.com/your-org/go-selfupdate-template/internal/features/features.go:51.2,51.12 1 0
github.com/your-org/go-selfupdate-template/internal/features/healthcheck/healthcheck.go:13.29,13.53 1 1
github.com/your-org/go-selfupdate-template/internal/features/healthcheck/healthcheck.go:14.41,16.2 1 0
github.com/your-org/go-selfupdate-template/internal/features/healthcheck/healthcheck.go:17.47,18.129 1 0
github.com/your-org/go-selfupdate-template/internal/features/healthcheck/healthcheck.go:18.129,18.189 2 0
github.com/your-org/go-selfupdate-template/internal/features/healthcheck/healthcheck.go:20.46,20.60 1 0
github.com/your-org/go-selfupdate-template/internal/features/healthcheck/healthcheck.go:21.46,21.79 1 1
github.com/your-org/go-selfupdate-template/internal/tray/tray_notray.go:7.24,9.2 1 0
github.com/your-org/go-selfupdate-template/internal/features/features.go:28.26,31.30 3 0
github.com/your-org/go-selfupdate-template/internal/features/features.go:31.30,32.31 1 0
github.com/your-org/go-selfupdate-template/internal/features/features.go:34.2,34.35 1 0
github.com/your-org/go-selfupdate-template/internal/features/features.go:34.35,35.53 1 0
github.com/your-org/go-selfupdate-template/internal/features/features.go:37.2,37.22 1 0
github.com/your-org/go-selfupdate-template/internal/features/features.go:39.22,43.27 4 0
github.com/your-org/go-selfupdate-template/internal/features/features.go:43.27,45.3 1 0
github.com/your-org/go-selfupdate-template/internal/features/features.go:46.2,48.25 3 0
github.com/your-org/go-selfupdate-template/internal/features/features.go:48.25,50.3 1 0
github.com/your-org/go-selfupdate-template/internal/features/features.go:51.2,51.12 1 0
github.com/your-org/go-selfupdate-template/internal/app/app.go:28.66,31.16 3 1
github.com/your-org/go-selfupdate-template/internal/app/app.go:31.16,34.3 2 0
github.com/your-org/go-selfupdate-template/internal/app/app.go:35.2,35.20 1 1
github.com/your-org/go-selfupdate-template/internal/app/app.go:35.20,38.3 2 0
github.com/your-org/go-selfupdate-template/internal/app/app.go:39.2,39.35 1 1
github.com/your-org/go-selfupdate-template/internal/app/app.go:39.35,40.55 1 0
github.com/your-org/go-selfupdate-template/internal/app/app.go:40.55,43.4 2 0
github.com/your-org/go-selfupdate-template/internal/app/app.go:45.2,45.17 1 1
github.com/your-org/go-selfupdate-template/internal/app/app.go:46.17,47.43 1 1
github.com/your-org/go-selfupdate-template/internal/app/app.go:48.16,49.51 1 1
github.com/your-org/go-selfupdate-template/internal/app/app.go:50.18,51.49 1 0
github.com/your-org/go-selfupdate-template/internal/app/app.go:52.17,53.60 1 0
github.com/your-org/go-selfupdate-template/internal/app/app.go:54.15,55.46 1 0
github.com/your-org/go-selfupdate-template/internal/app/app.go:56.16,57.41 1 0
github.com/your-org/go-selfupdate-template/internal/app/app.go:57.41,60.4 2 0
github.com/your-org/go-selfupdate-template/internal/app/app.go:61.3,62.11 2 0
github.com/your-org/go-selfupdate-template/internal/app/app.go:63.14,64.39 1 0
github.com/your-org/go-selfupdate-template/internal/app/app.go:65.14,66.30 1 0
github.com/your-org/go-selfupdate-template/internal/app/app.go:67.18,68.36 1 0
github.com/your-org/go-selfupdate-template/internal/app/app.go:68.36,70.4 1 0
github.com/your-org/go-selfupdate-template/internal/app/app.go:71.3,71.11 1 0
github.com/your-org/go-selfupdate-template/internal/app/app.go:72.10,73.36 1 0
github.com/your-org/go-selfupdate-template/internal/app/app.go:73.36,74.35 1 0
github.com/your-org/go-selfupdate-template/internal/app/app.go:74.35,75.26 1 0
github.com/your-org/go-selfupdate-template/internal/app/app.go:75.26,76.66 1 0
github.com/your-org/go-selfupdate-template/internal/app/app.go:76.66,79.7 2 0
github.com/your-org/go-selfupdate-template/internal/app/app.go:80.6,80.14 1 0
github.com/your-org/go-selfupdate-template/internal/app/app.go:84.3,86.11 3 0
github.com/your-org/go-selfupdate-template/internal/app/app.go:89.54,92.33 3 1
github.com/your-org/go-selfupdate-template/internal/app/app.go:92.33,93.46 1 1
github.com/your-org/go-selfupdate-template/internal/app/app.go:93.46,95.12 2 0
github.com/your-org/go-selfupdate-template/internal/app/app.go:97.3,97.47 1 1
github.com/your-org/go-selfupdate-template/internal/app/app.go:97.47,100.12 3 1
github.com/your-org/go-selfupdate-template/internal/app/app.go:102.3,102.29 1 1
github.com/your-org/go-selfupdate-template/internal/app/app.go:104.2,104.18 1 1
github.com/your-org/go-selfupdate-template/internal/app/app.go:106.25,116.2 1 0
github.com/your-org/go-selfupdate-template/internal/app/app.go:117.59,121.27 4 1
github.com/your-org/go-selfupdate-template/internal/app/app.go:121.27,123.3 1 0
github.com/your-org/go-selfupdate-template/internal/app/app.go:124.2,124.8 1 1
github.com/your-org/go-selfupdate-template/internal/app/app.go:124.8,127.3 2 1
github.com/your-org/go-selfupdate-template/internal/app/app.go:127.8,129.3 1 0
github.com/your-org/go-selfupdate-template/internal/app/app.go:130.2,130.10 1 1
github.com/your-org/go-selfupdate-template/internal/app/app.go:132.66,135.51 3 1
github.com/your-org/go-selfupdate-template/internal/app/app.go:135.51,137.3 1 1
github.com/your-org/go-selfupdate-template/internal/app/app.go:138.2,138.29 1 1
github.com/your-org/go-selfupdate-template/internal/app/app.go:138.29,140.3 1 0
github.com/your-org/go-selfupdate-template/internal/app/app.go:141.2,142.331 2 1
github.com/your-org/go-selfupdate-template/internal/app/app.go:144.55,145.16 1 1
github.com/your-org/go-selfupdate-template/internal/app/app.go:145.16,147.3 1 0
github.com/your-org/go-selfupdate-template/internal/app/app.go:148.2,150.16 3 1
github.com/your-org/go-selfupdate-template/internal/app/app.go:150.16,152.3 1 0
github.com/your-org/go-selfupdate-template/internal/app/app.go:153.2,153.13 1 1
github.com/your-org/go-selfupdate-template/internal/app/app.go:155.91,165.27 10 1
github.com/your-org/go-selfupdate-template/internal/app/app.go:165.27,167.3 1 0
github.com/your-org/go-selfupdate-template/internal/app/app.go:168.2,168.27 1 1
github.com/your-org/go-selfupdate-template/internal/app/app.go:168.27,171.3 2 1
github.com/your-org/go-selfupdate-template/internal/app/app.go:172.2,173.48 2 1
github.com/your-org/go-selfupdate-template/internal/app/app.go:173.48,176.3 2 1
github.com/your-org/go-selfupdate-template/internal/app/app.go:177.2,178.19 2 1
github.com/your-org/go-selfupdate-template/internal/app/app.go:178.19,180.3 1 1
github.com/your-org/go-selfupdate-template/internal/app/app.go:181.2,183.11 3 1
github.com/your-org/go-selfupdate-template/internal/app/app.go:183.11,185.21 2 0
github.com/your-org/go-selfupdate-template/internal/app/app.go:185.21,188.4 2 0
github.com/your-org/go-selfupdate-template/internal/app/app.go:189.3,189.26 1 0
github.com/your-org/go-selfupdate-template/internal/app/app.go:189.26,192.17 3 0
github.com/your-org/go-selfupdate-template/internal/app/app.go:192.17,194.5 1 0
github.com/your-org/go-selfupdate-template/internal/app/app.go:194.10,196.5 1 0
github.com/your-org/go-selfupdate-template/internal/app/app.go:197.4,197.82 1 0
github.com/your-org/go-selfupdate-template/internal/app/app.go:199.3,199.26 1 0
github.com/your-org/go-selfupdate-template/internal/app/app.go:199.26,201.4 1 0
github.com/your-org/go-selfupdate-template/internal/app/app.go:202.3,202.21 1 0
github.com/your-org/go-selfupdate-template/internal/app/app.go:202.21,204.4 1 0
github.com/your-org/go-selfupdate-template/internal/app/app.go:205.3,205.11 1 0
github.com/your-org/go-selfupdate-template/internal/app/app.go:207.2,208.23 2 1
github.com/your-org/go-selfupdate-template/internal/app/app.go:208.23,209.50 1 0
github.com/your-org/go-selfupdate-template/internal/app/app.go:209.50,215.4 5 0
github.com/your-org/go-selfupdate-template/internal/app/app.go:217.2,218.16 2 1
github.com/your-org/go-selfupdate-template/internal/app/app.go:218.16,219.43 1 0
github.com/your-org/go-selfupdate-template/internal/app/app.go:219.43,222.4 2 0
github.com/your-org/go-selfupdate-template/internal/app/app.go:223.3,224.26 2 0
github.com/your-org/go-selfupdate-template/internal/app/app.go:224.26,225.39 1 0
github.com/your-org/go-selfupdate-template/internal/app/app.go:225.39,228.5 2 0
github.com/your-org/go-selfupdate-template/internal/app/app.go:229.4,230.18 2 0
github.com/your-org/go-selfupdate-template/internal/app/app.go:232.3,233.11 2 0
github.com/your-org/go-selfupdate-template/internal/app/app.go:235.2,235.10 1 1
github.com/your-org/go-selfupdate-template/internal/app/app.go:235.10,237.3 1 1
github.com/your-org/go-selfupdate-template/internal/app/app.go:237.8,239.3 1 0
github.com/your-org/go-selfupdate-template/internal/app/app.go:240.2,240.10 1 1
github.com/your-org/go-selfupdate-template/internal/app/app.go:242.45,244.13 2 0
github.com/your-org/go-selfupdate-template/internal/app/app.go:244.13,246.3 1 0
github.com/your-org/go-selfupdate-template/internal/app/app.go:247.2,247.18 1 0
github.com/your-org/go-selfupdate-template/internal/app/app.go:247.18,249.3 1 0
github.com/your-org/go-selfupdate-template/internal/app/app.go:250.2,250.17 1 0
github.com/your-org/go-selfupdate-template/internal/app/app.go:250.17,252.3 1 0
github.com/your-org/go-selfupdate-template/internal/app/app.go:253.2,253.29 1 0
github.com/your-org/go-selfupdate-template/internal/app/app.go:255.79,259.27 4 0
github.com/your-org/go-selfupdate-template/internal/app/app.go:259.27,261.3 1 0
github.com/your-org/go-selfupdate-template/internal/app/app.go:262.2,262.19 1 0
github.com/your-org/go-selfupdate-template/internal/app/app.go:262.19,264.3 1 0
github.com/your-org/go-selfupdate-template/internal/app/app.go:265.2,265.86 1 0
github.com/your-org/go-selfupdate-template/internal/app/app.go:265.86,265.143 1 0
github.com/your-org/go-selfupdate-template/internal/app/app.go:265.157,268.3 2 0
github.com/your-org/go-selfupdate-template/internal/app/app.go:269.2,270.10 2 0
github.com/your-org/go-selfupdate-template/internal/app/app.go:272.91,273.40 1 0
github.com/your-org/go-selfupdate-template/internal/app/app.go:273.40,276.3 2 0
github.com/your-org/go-selfupdate-template/internal/app/app.go:277.2,278.56 2 0
github.com/your-org/go-selfupdate-template/internal/app/app.go:278.56,281.3 2 0
github.com/your-org/go-selfupdate-template/internal/app/app.go:282.2,282.16 1 0
github.com/your-org/go-selfupdate-template/internal/app/app.go:282.16,284.3 1 0
github.com/your-org/go-selfupdate-template/internal/app/app.go:285.2,285.58 1 0
github.com/your-org/go-selfupdate-template/internal/app/app.go:285.58,288.3 2 0
github.com/your-org/go-selfupdate-template/internal/app/app.go:289.2,290.10 2 0
github.com/your-org/go-selfupdate-template/internal/app/app.go:292.50,297.26 5 0
github.com/your-org/go-selfupdate-template/internal/app/app.go:297.26,298.55 1 0
github.com/your-org/go-selfupdate-template/internal/app/app.go:298.55,301.4 2 0
github.com/your-org/go-selfupdate-template/internal/app/app.go:303.2,303.12 1 0
github.com/your-org/go-selfupdate-template/internal/app/app.go:303.12,305.3 1 0
github.com/your-org/go-selfupdate-template/internal/app/app.go:306.2,306.93 1 0
github.com/your-org/go-selfupdate-template/internal/app/app.go:308.76,309.20 1 0
github.com/your-org/go-selfupdate-template/internal/app/app.go:309.20,312.3 2 0
github.com/your-org/go-selfupdate-template/internal/app/app.go:313.2,314.17 2 0
github.com/your-org/go-selfupdate-template/internal/app/app.go:315.14,317.17 2 0
github.com/your-org/go-selfupdate-template/internal/app/app.go:317.17,320.4 2 0
github.com/your-org/go-selfupdate-template/internal/app/app.go:321.3,323.11 3 0
github.com/your-org/go-selfupdate-template/internal/app/app.go:324.15,328.32 4 0
github.com/your-org/go-selfupdate-template/internal/app/app.go:328.32,330.4 1 0
github.com/your-org/go-selfupdate-template/internal/app/app.go:331.3,332.17 2 0
github.com/your-org/go-selfupdate-template/internal/app/app.go:332.17,335.4 2 0
github.com/your-org/go-selfupdate-template/internal/app/app.go:336.3,337.11 2 0
github.com/your-org/go-selfupdate-template/internal/app/app.go:338.18,339.49 1 0
github.com/your-org/go-selfupdate-template/internal/app/app.go:340.10,342.11 2 0
github.com/your-org/go-selfupdate-template/internal/app/app.go:345.79,349.27 4 0
github.com/your-org/go-selfupdate-template/internal/app/app.go:349.27,351.3 1 0
github.com/your-org/go-selfupdate-template/internal/app/app.go:352.2,352.48 1 0
github.com/your-org/go-selfupdate-template/internal/app/app.go:352.48,355.3 2 0
github.com/your-org/go-selfupdate-template/internal/app/app.go:356.2,358.20 3 0
github.com/your-org/go-selfupdate-template/internal/app/app.go:358.20,361.3 2 0
github.com/your-org/go-selfupdate-template/internal/app/app.go:362.2,362.25 1 0
github.com/your-org/go-selfupdate-template/internal/app/app.go:362.25,364.3 1 0
github.com/your-org/go-selfupdate-template/internal/app/app.go:365.2,367.25 3 0
github.com/your-org/go-selfupdate-template/internal/app/app.go:367.25,368.32 1 0
github.com/your-org/go-selfupdate-template/internal/app/app.go:368.32,369.12 1 0
github.com/your-org/go-selfupdate-template/internal/app/app.go:371.3,371.21 1 0
github.com/your-org/go-selfupdate-template/internal/app/app.go:371.21,372.9 1 0
github.com/your-org/go-selfupdate-template/internal/app/app.go:374.3,375.29 2 0
github.com/your-org/go-selfupdate-template/internal/app/app.go:375.29,376.12 1 0
github.com/your-org/go-selfupdate-template/internal/app/app.go:378.3,379.17 2 0
github.com/your-org/go-selfupdate-template/internal/app/app.go:379.17,380.12 1 0
github.com/your-org/go-selfupdate-template/internal/app/app.go:382.3,383.17 2 0
github.com/your-org/go-selfupdate-template/internal/app/app.go:383.17,385.12 2 0
github.com/your-org/go-selfupdate-template/internal/app/app.go:387.3,389.17 3 0
github.com/your-org/go-selfupdate-template/internal/app/app.go:389.17,391.12 2 0
github.com/your-org/go-selfupdate-template/internal/app/app.go:393.3,394.17 2 0
github.com/your-org/go-selfupdate-template/internal/app/app.go:394.17,396.12 2 0
github.com/your-org/go-selfupdate-template/internal/app/app.go:398.3,400.10 3 0
github.com/your-org/go-selfupdate-template/internal/app/app.go:402.2,403.16 2 0
github.com/your-org/go-selfupdate-template/internal/app/app.go:403.16,405.3 1 0
github.com/your-org/go-selfupdate-template/internal/app/app.go:406.2,406.10 1 0
github.com/your-org/go-selfupdate-template/internal/app/app.go:408.74,409.48 1 0
github.com/your-org/go-selfupdate-template/internal/app/app.go:409.48,412.3 2 0
github.com/your-org/go-selfupdate-template/internal/app/app.go:413.2,415.20 3 0
github.com/your-org/go-selfupdate-template/internal/app/app.go:415.20,418.3 2 0
github.com/your-org/go-selfupdate-template/internal/app/app.go:419.2,419.25 1 0
github.com/your-org/go-selfupdate-template/internal/app/app.go:419.25,421.3 1 0
github.com/your-org/go-selfupdate-template/internal/app/app.go:422.2,423.50 2 0
github.com/your-org/go-selfupdate-template/internal/app/app.go:423.50,424.33 1 0
github.com/your-org/go-selfupdate-template/internal/app/app.go:424.33,426.4 1 0
github.com/your-org/go-selfupdate-template/internal/app/app.go:428.2,429.16 2 0
github.com/your-org/go-selfupdate-template/internal/app/app.go:429.16,432.3 2 0
github.com/your-org/go-selfupdate-template/internal/app/app.go:433.2,433.13 1 0
github.com/your-org/go-selfupdate-template/internal/app/app.go:433.13,435.3 1 0
github.com/your-org/go-selfupdate-template/internal/app/app.go:436.2,436.66 1 0
github.com/your-org/go-selfupdate-template/internal/app/app.go:439.41,441.35 2 0
github.com/your-org/go-selfupdate-template/internal/app/app.go:441.35,443.3 1 0
github.com/your-org/go-selfupdate-template/internal/app/app.go:444.2,444.46 1 0
github.com/your-org/go-selfupdate-template/internal/app/app.go:444.46,444.88 1 0
github.com/your-org/go-selfupdate-template/internal/app/app.go:445.2,445.40 1 0
github.com/your-org/go-selfupdate-template/internal/app/app.go:445.40,448.3 2 0
github.com/your-org/go-selfupdate-template/internal/app/app.go:449.2,450.10 2 0
github.com/your-org/go-selfupdate-template/internal/buildinfo/buildinfo.go:14.28,16.28 2 1
github.com/your-org/go-selfupdate-template/internal/buildinfo/buildinfo.go:16.28,18.3 1 0
github.com/your-org/go-selfupdate-template/internal/buildinfo/buildinfo.go:19.2,19.25 1 1
github.com/your-org/go-selfupdate-template/internal/buildinfo/buildinfo.go:19.25,21.3 1 0
github.com/your-org/go-selfupdate-template/internal/buildinfo/buildinfo.go:22.2,22.12 1 1
github.com/your-org/go-selfupdate-template/internal/features/features.go:28.26,31.30 3 0
github.com/your-org/go-selfupdate-template/internal/features/features.go:31.30,32.31 1 0
github.com/your-org/go-selfupdate-template/internal/features/features.go:34.2,34.35 1 0
github.com/your-org/go-selfupdate-template/internal/features/features.go:34.35,35.53 1 0
github.com/your-org/go-selfupdate-template/internal/features/features.go:37.2,37.22 1 0
github.com/your-org/go-selfupdate-template/internal/features/features.go:39.22,43.27 4 1
github.com/your-org/go-selfupdate-template/internal/features/features.go:43.27,45.3 1 0
github.com/your-org/go-selfupdate-template/internal/features/features.go:46.2,48.25 3 1
github.com/your-org/go-selfupdate-template/internal/features/features.go:48.25,50.3 1 0
github.com/your-org/go-selfupdate-template/internal/features/features.go:51.2,51.12 1 1
github.com/your-org/go-selfupdate-template/internal/tray/tray_notray.go:7.24,9.2 1 0
github.com/your-org/go-selfupdate-template/internal/buildinfo/buildinfo.go:14.28,16.28 2 1
github.com/your-org/go-selfupdate-template/internal/buildinfo/buildinfo.go:16.28,18.3 1 0
github.com/your-org/go-selfupdate-template/internal/buildinfo/buildinfo.go:19.2,19.25 1 1
github.com/your-org/go-selfupdate-template/internal/buildinfo/buildinfo.go:19.25,21.3 1 0
github.com/your-org/go-selfupdate-template/internal/buildinfo/buildinfo.go:22.2,22.12 1 1
github.com/your-org/go-selfupdate-template/internal/config/config.go:32.34,35.16 3 1
github.com/your-org/go-selfupdate-template/internal/config/config.go:35.16,37.3 1 0
github.com/your-org/go-selfupdate-template/internal/config/config.go:38.2,39.16 2 1
github.com/your-org/go-selfupdate-template/internal/config/config.go:39.16,41.3 1 0
github.com/your-org/go-selfupdate-template/internal/config/config.go:42.2,42.417 1 1
github.com/your-org/go-selfupdate-template/internal/config/config.go:45.37,47.16 2 0
github.com/your-org/go-selfupdate-template/internal/config/config.go:47.16,50.3 2 0
github.com/your-org/go-selfupdate-template/internal/config/config.go:51.2,51.48 1 0
github.com/your-org/go-selfupdate-template/internal/config/config.go:55.45,57.16 2 1
github.com/your-org/go-selfupdate-template/internal/config/config.go:57.16,59.3 1 0
github.com/your-org/go-selfupdate-template/internal/config/config.go:60.2,60.45 1 1
github.com/your-org/go-selfupdate-template/internal/config/config.go:60.45,61.48 1 1
github.com/your-org/go-selfupdate-template/internal/config/config.go:61.48,63.4 1 0
github.com/your-org/go-selfupdate-template/internal/config/config.go:64.8,64.32 1 0
github.com/your-org/go-selfupdate-template/internal/config/config.go:64.32,66.3 1 0
github.com/your-org/go-selfupdate-template/internal/config/config.go:67.2,68.37 2 1
github.com/your-org/go-selfupdate-template/internal/config/config.go:68.37,70.3 1 0
github.com/your-org/go-selfupdate-template/internal/config/config.go:71.2,71.15 1 1
github.com/your-org/go-selfupdate-template/internal/config/config.go:74.34,75.19 1 1
github.com/your-org/go-selfupdate-template/internal/config/config.go:76.36,76.36 0 1
github.com/your-org/go-selfupdate-template/internal/config/config.go:77.10,78.53 1 0
github.com/your-org/go-selfupdate-template/internal/config/config.go:80.2,80.20 1 1
github.com/your-org/go-selfupdate-template/internal/config/config.go:80.20,82.3 1 0
github.com/your-org/go-selfupdate-template/internal/config/config.go:83.2,83.12 1 1
github.com/your-org/go-selfupdate-template/internal/config/config.go:86.43,87.37 1 1
github.com/your-org/go-selfupdate-template/internal/config/config.go:87.37,89.3 1 0
github.com/your-org/go-selfupdate-template/internal/config/config.go:90.2,90.52 1 1
github.com/your-org/go-selfupdate-template/internal/config/config.go:90.52,92.3 1 1
github.com/your-org/go-selfupdate-template/internal/config/config.go:93.2,93.12 1 0
github.com/your-org/go-selfupdate-template/internal/config/config.go:96.26,97.40 1 1
github.com/your-org/go-selfupdate-template/internal/config/config.go:97.40,98.38 1 1
github.com/your-org/go-selfupdate-template/internal/config/config.go:98.38,100.4 1 1
github.com/your-org/go-selfupdate-template/internal/config/config.go:102.2,111.44 10 1
github.com/your-org/go-selfupdate-template/internal/config/config.go:111.44,112.50 1 0
github.com/your-org/go-selfupdate-template/internal/config/config.go:112.50,114.4 1 0
github.com/your-org/go-selfupdate-template/internal/config/config.go:116.2,116.48 1 1
github.com/your-org/go-selfupdate-template/internal/config/config.go:116.48,117.49 1 0
github.com/your-org/go-selfupdate-template/internal/config/config.go:117.49,119.4 1 0
github.com/your-org/go-selfupdate-template/internal/config/config.go:121.2,121.48 1 1
github.com/your-org/go-selfupdate-template/internal/config/config.go:121.48,123.3 1 0
github.com/your-org/go-selfupdate-template/internal/config/config.go:126.49,129.15 3 1
github.com/your-org/go-selfupdate-template/internal/config/config.go:129.15,132.47 3 1
github.com/your-org/go-selfupdate-template/internal/config/config.go:132.47,133.12 1 0
github.com/your-org/go-selfupdate-template/internal/config/config.go:135.3,136.18 2 1
github.com/your-org/go-selfupdate-template/internal/config/config.go:136.18,138.4 1 0
github.com/your-org/go-selfupdate-template/internal/config/config.go:139.3,141.14 3 1
github.com/your-org/go-selfupdate-template/internal/config/config.go:142.19,143.19 1 0
github.com/your-org/go-selfupdate-template/internal/config/config.go:144.18,145.19 1 1
github.com/your-org/go-selfupdate-template/internal/config/config.go:146.23,147.23 1 0
github.com/your-org/go-selfupdate-template/internal/config/config.go:148.22,149.22 1 0
github.com/your-org/go-selfupdate-template/internal/config/config.go:150.21,151.21 1 0
github.com/your-org/go-selfupdate-template/internal/config/config.go:152.26,153.25 1 0
github.com/your-org/go-selfupdate-template/internal/config/config.go:154.23,155.23 1 0
github.com/your-org/go-selfupdate-template/internal/config/config.go:156.20,157.32 1 1
github.com/your-org/go-selfupdate-template/internal/config/config.go:158.19,159.31 1 0
github.com/your-org/go-selfupdate-template/internal/config/config.go:160.18,162.18 2 1
github.com/your-org/go-selfupdate-template/internal/config/config.go:162.18,164.5 1 0
github.com/your-org/go-selfupdate-template/internal/config/config.go:165.4,165.17 1 1
github.com/your-org/go-selfupdate-template/internal/config/config.go:166.22,168.18 2 0
github.com/your-org/go-selfupdate-template/internal/config/config.go:168.18,170.5 1 0
github.com/your-org/go-selfupdate-template/internal/config/config.go:171.4,171.20 1 0
github.com/your-org/go-selfupdate-template/internal/config/config.go:172.22,173.52 1 0
github.com/your-org/go-selfupdate-template/internal/config/config.go:174.11,175.59 1 0
github.com/your-org/go-selfupdate-template/internal/config/config.go:178.2,178.16 1 1
github.com/your-org/go-selfupdate-template/internal/config/config.go:180.34,182.42 2 0
github.com/your-org/go-selfupdate-template/internal/config/config.go:182.42,184.14 2 0
github.com/your-org/go-selfupdate-template/internal/config/config.go:184.14,186.4 1 0
github.com/your-org/go-selfupdate-template/internal/config/config.go:188.2,188.12 1 0
github.com/your-org/go-selfupdate-template/internal/config/config.go:190.34,191.32 1 1
github.com/your-org/go-selfupdate-template/internal/config/config.go:191.32,194.3 2 0
github.com/your-org/go-selfupdate-template/internal/config/config.go:195.2,195.10 1 1
github.com/your-org/go-selfupdate-template/internal/config/config.go:197.31,197.92 2 0
github.com/your-org/go-selfupdate-template/internal/buildinfo/buildinfo.go:14.28,16.28 2 0
github.com/your-org/go-selfupdate-template/internal/buildinfo/buildinfo.go:16.28,18.3 1 0
github.com/your-org/go-selfupdate-template/internal/buildinfo/buildinfo.go:19.2,19.25 1 0
github.com/your-org/go-selfupdate-template/internal/buildinfo/buildinfo.go:19.25,21.3 1 0
github.com/your-org/go-selfupdate-template/internal/buildinfo/buildinfo.go:22.2,22.12 1 0
github.com/your-org/go-selfupdate-template/internal/features/sample/sample.go:12.29,12.48 1 0
github.com/your-org/go-selfupdate-template/internal/features/sample/sample.go:13.41,15.2 1 0
github.com/your-org/go-selfupdate-template/internal/features/sample/sample.go:16.47,17.128 1 0
github.com/your-org/go-selfupdate-template/internal/features/sample/sample.go:17.128,17.183 2 0
github.com/your-org/go-selfupdate-template/internal/features/sample/sample.go:19.46,19.60 1 0
github.com/your-org/go-selfupdate-template/internal/features/sample/sample.go:20.46,20.79 1 0
github.com/your-org/go-selfupdate-template/internal/signing/minisign.go:30.48,35.2 2 1
github.com/your-org/go-selfupdate-template/internal/signing/minisign.go:37.58,43.2 5 1
github.com/your-org/go-selfupdate-template/internal/signing/minisign.go:45.56,48.2 2 1
github.com/your-org/go-selfupdate-template/internal/signing/minisign.go:52.54,54.35 2 1
github.com/your-org/go-selfupdate-template/internal/signing/minisign.go:54.35,55.51 1 1
github.com/your-org/go-selfupdate-template/internal/signing/minisign.go:55.51,57.68 2 1
github.com/your-org/go-selfupdate-template/internal/signing/minisign.go:57.68,59.10 2 1
github.com/your-org/go-selfupdate-template/internal/signing/minisign.go:63.2,64.16 2 1
github.com/your-org/go-selfupdate-template/internal/signing/minisign.go:64.16,66.3 1 0
github.com/your-org/go-selfupdate-template/internal/signing/minisign.go:67.2,67.18 1 1
github.com/your-org/go-selfupdate-template/internal/signing/minisign.go:68.29,70.68 2 1
github.com/your-org/go-selfupdate-template/internal/signing/minisign.go:71.37,73.51 2 1
github.com/your-org/go-selfupdate-template/internal/signing/minisign.go:73.51,75.4 1 0
github.com/your-org/go-selfupdate-template/internal/signing/minisign.go:76.3,76.139 1 1
github.com/your-org/go-selfupdate-template/internal/signing/minisign.go:77.10,78.75 1 0
github.com/your-org/go-selfupdate-template/internal/signing/minisign.go:82.89,83.47 1 1
github.com/your-org/go-selfupdate-template/internal/signing/minisign.go:83.47,85.3 1 0
github.com/your-org/go-selfupdate-template/internal/signing/minisign.go:86.2,101.8 10 1
github.com/your-org/go-selfupdate-template/internal/signing/minisign.go:104.79,106.16 2 1
github.com/your-org/go-selfupdate-template/internal/signing/minisign.go:106.16,108.3 1 0
github.com/your-org/go-selfupdate-template/internal/signing/minisign.go:109.2,111.44 2 1
github.com/your-org/go-selfupdate-template/internal/signing/minisign.go:111.44,114.3 2 1
github.com/your-org/go-selfupdate-template/internal/signing/minisign.go:115.2,116.129 2 1
github.com/your-org/go-selfupdate-template/internal/signing/minisign.go:116.129,118.3 1 0
github.com/your-org/go-selfupdate-template/internal/signing/minisign.go:119.2,120.57 2 1
github.com/your-org/go-selfupdate-template/internal/signing/minisign.go:120.57,122.3 1 0
github.com/your-org/go-selfupdate-template/internal/signing/minisign.go:123.2,125.46 3 1
github.com/your-org/go-selfupdate-template/internal/signing/minisign.go:125.46,129.3 1 0
github.com/your-org/go-selfupdate-template/internal/signing/minisign.go:130.2,131.63 2 1
github.com/your-org/go-selfupdate-template/internal/signing/minisign.go:131.63,133.3 1 1
github.com/your-org/go-selfupdate-template/internal/signing/minisign.go:134.2,135.66 2 1
github.com/your-org/go-selfupdate-template/internal/signing/minisign.go:135.66,137.3 1 0
github.com/your-org/go-selfupdate-template/internal/signing/minisign.go:138.2,140.71 3 1
github.com/your-org/go-selfupdate-template/internal/tray/tray_notray.go:7.24,9.2 1 0
github.com/your-org/go-selfupdate-template/internal/ui/menu.go:20.110,21.24 1 1
github.com/your-org/go-selfupdate-template/internal/ui/menu.go:21.24,23.3 1 0
github.com/your-org/go-selfupdate-template/internal/ui/menu.go:24.2,26.35 3 1
github.com/your-org/go-selfupdate-template/internal/ui/menu.go:26.35,28.15 2 1
github.com/your-org/go-selfupdate-template/internal/ui/menu.go:28.15,32.4 3 1
github.com/your-org/go-selfupdate-template/internal/ui/menu.go:33.3,33.43 1 1
github.com/your-org/go-selfupdate-template/internal/ui/menu.go:33.43,35.4 1 1
github.com/your-org/go-selfupdate-template/internal/ui/menu.go:37.2,38.25 2 1
github.com/your-org/go-selfupdate-template/internal/ui/menu.go:38.25,41.24 3 1
github.com/your-org/go-selfupdate-template/internal/ui/menu.go:41.24,43.4 1 1
github.com/your-org/go-selfupdate-template/internal/ui/menu.go:44.3,44.135 1 1
github.com/your-org/go-selfupdate-template/internal/ui/menu.go:46.2,49.25 4 1
github.com/your-org/go-selfupdate-template/internal/ui/menu.go:49.25,51.3 1 0
github.com/your-org/go-selfupdate-template/internal/ui/menu.go:52.2,53.42 2 1
github.com/your-org/go-selfupdate-template/internal/ui/menu.go:53.42,55.3 1 0
github.com/your-org/go-selfupdate-template/internal/ui/menu.go:56.2,56.31 1 1
github.com/your-org/go-selfupdate-template/internal/ui/menu.go:59.50,60.31 1 1
github.com/your-org/go-selfupdate-template/internal/ui/menu.go:60.31,61.20 1 1
github.com/your-org/go-selfupdate-template/internal/ui/menu.go:61.20,63.4 1 0
github.com/your-org/go-selfupdate-template/internal/ui/menu.go:65.2,65.14 1 1
github.com/your-org/go-selfupdate-template/internal/ui/menu.go:68.33,70.45 2 1
github.com/your-org/go-selfupdate-template/internal/ui/menu.go:70.45,72.3 1 0
github.com/your-org/go-selfupdate-template/internal/ui/menu.go:73.2,73.17 1 1
github.com/your-org/go-selfupdate-template/internal/ui/menu.go:73.17,75.3 1 0
github.com/your-org/go-selfupdate-template/internal/ui/menu.go:76.2,76.10 1 1
github.com/your-org/go-selfupdate-template/internal/version/version.go:29.39,31.32 2 1
github.com/your-org/go-selfupdate-template/internal/version/version.go:31.32,33.3 1 1
github.com/your-org/go-selfupdate-template/internal/version/version.go:34.2,35.21 2 1
github.com/your-org/go-selfupdate-template/internal/version/version.go:35.21,37.3 1 0
github.com/your-org/go-selfupdate-template/internal/version/version.go:38.2,39.16 2 1
github.com/your-org/go-selfupdate-template/internal/version/version.go:39.16,41.3 1 0
github.com/your-org/go-selfupdate-template/internal/version/version.go:42.2,43.16 2 1
github.com/your-org/go-selfupdate-template/internal/version/version.go:43.16,45.3 1 0
github.com/your-org/go-selfupdate-template/internal/version/version.go:46.2,46.46 1 1
github.com/your-org/go-selfupdate-template/internal/version/version.go:46.46,48.3 1 0
github.com/your-org/go-selfupdate-template/internal/version/version.go:49.2,50.16 2 1
github.com/your-org/go-selfupdate-template/internal/version/version.go:50.16,52.3 1 0
github.com/your-org/go-selfupdate-template/internal/version/version.go:53.2,54.16 2 1
github.com/your-org/go-selfupdate-template/internal/version/version.go:54.16,56.3 1 0
github.com/your-org/go-selfupdate-template/internal/version/version.go:57.2,57.124 1 1
github.com/your-org/go-selfupdate-template/internal/version/version.go:60.46,62.21 2 1
github.com/your-org/go-selfupdate-template/internal/version/version.go:62.21,64.3 1 0
github.com/your-org/go-selfupdate-template/internal/version/version.go:65.2,66.16 2 1
github.com/your-org/go-selfupdate-template/internal/version/version.go:66.16,68.3 1 0
github.com/your-org/go-selfupdate-template/internal/version/version.go:69.2,70.16 2 1
github.com/your-org/go-selfupdate-template/internal/version/version.go:70.16,72.3 1 0
github.com/your-org/go-selfupdate-template/internal/version/version.go:73.2,74.16 2 1
github.com/your-org/go-selfupdate-template/internal/version/version.go:74.16,76.3 1 0
github.com/your-org/go-selfupdate-template/internal/version/version.go:77.2,78.23 2 1
github.com/your-org/go-selfupdate-template/internal/version/version.go:78.23,80.3 1 0
github.com/your-org/go-selfupdate-template/internal/version/version.go:81.2,85.93 5 1
github.com/your-org/go-selfupdate-template/internal/version/version.go:88.43,89.46 1 1
github.com/your-org/go-selfupdate-template/internal/version/version.go:89.46,91.3 1 0
github.com/your-org/go-selfupdate-template/internal/version/version.go:92.2,93.99 2 1
github.com/your-org/go-selfupdate-template/internal/version/version.go:93.99,95.3 1 1
github.com/your-org/go-selfupdate-template/internal/version/version.go:96.2,96.15 1 1
github.com/your-org/go-selfupdate-template/internal/version/version.go:99.34,101.16 2 1
github.com/your-org/go-selfupdate-template/internal/version/version.go:101.16,102.13 1 0
github.com/your-org/go-selfupdate-template/internal/version/version.go:104.2,104.10 1 1
github.com/your-org/go-selfupdate-template/internal/version/version.go:106.34,108.2 1 1
github.com/your-org/go-selfupdate-template/internal/version/version.go:109.31,113.2 3 1
github.com/your-org/go-selfupdate-template/internal/version/version.go:114.41,117.19 3 1
github.com/your-org/go-selfupdate-template/internal/version/version.go:117.19,118.18 1 1
github.com/your-org/go-selfupdate-template/internal/version/version.go:118.18,120.4 1 1
github.com/your-org/go-selfupdate-template/internal/version/version.go:121.3,121.18 1 1
github.com/your-org/go-selfupdate-template/internal/version/version.go:121.18,123.4 1 1
github.com/your-org/go-selfupdate-template/internal/version/version.go:125.2,125.10 1 1
github.com/your-org/go-selfupdate-template/internal/version/version.go:127.40,129.16 2 0
github.com/your-org/go-selfupdate-template/internal/version/version.go:129.16,131.3 1 0
github.com/your-org/go-selfupdate-template/internal/version/version.go:132.2,133.16 2 0
github.com/your-org/go-selfupdate-template/internal/version/version.go:133.16,135.3 1 0
github.com/your-org/go-selfupdate-template/internal/version/version.go:136.2,136.28 1 0
github.com/your-org/go-selfupdate-template/internal/version/version.go:138.24,140.16 2 0
github.com/your-org/go-selfupdate-template/internal/version/version.go:140.16,142.3 1 0
github.com/your-org/go-selfupdate-template/internal/version/version.go:143.2,143.10 1 0
github.com/your-org/go-selfupdate-template/internal/version/version.go:145.29,147.2 1 0
github.com/your-org/go-selfupdate-template/internal/updater/apply.go:15.51,16.63 1 1
github.com/your-org/go-selfupdate-template/internal/updater/apply.go:16.63,18.3 1 0
github.com/your-org/go-selfupdate-template/internal/updater/apply.go:19.2,20.21 2 1
github.com/your-org/go-selfupdate-template/internal/updater/apply.go:20.21,21.96 1 1
github.com/your-org/go-selfupdate-template/internal/updater/apply.go:21.96,22.54 1 1
github.com/your-org/go-selfupdate-template/internal/updater/apply.go:22.54,24.5 1 1
github.com/your-org/go-selfupdate-template/internal/updater/apply.go:26.3,26.22 1 1
github.com/your-org/go-selfupdate-template/internal/updater/apply.go:26.22,28.4 1 1
github.com/your-org/go-selfupdate-template/internal/updater/apply.go:30.2,30.16 1 1
github.com/your-org/go-selfupdate-template/internal/updater/apply.go:30.16,32.3 1 0
github.com/your-org/go-selfupdate-template/internal/updater/apply.go:33.2,36.13 4 1
github.com/your-org/go-selfupdate-template/internal/updater/apply.go:38.58,40.16 2 1
github.com/your-org/go-selfupdate-template/internal/updater/apply.go:40.16,42.3 1 0
github.com/your-org/go-selfupdate-template/internal/updater/apply.go:43.2,44.18 2 1
github.com/your-org/go-selfupdate-template/internal/updater/apply.go:44.18,46.3 1 0
github.com/your-org/go-selfupdate-template/internal/updater/apply.go:47.2,47.108 1 1
github.com/your-org/go-selfupdate-template/internal/updater/apply.go:49.44,50.18 1 1
github.com/your-org/go-selfupdate-template/internal/updater/apply.go:50.18,52.3 1 0
github.com/your-org/go-selfupdate-template/internal/updater/apply.go:53.2,53.43 1 1
github.com/your-org/go-selfupdate-template/internal/updater/apply.go:53.43,55.3 1 0
github.com/your-org/go-selfupdate-template/internal/updater/apply.go:56.2,58.50 3 1
github.com/your-org/go-selfupdate-template/internal/updater/apply.go:58.50,60.3 1 0
github.com/your-org/go-selfupdate-template/internal/updater/apply.go:61.2,61.50 1 1
github.com/your-org/go-selfupdate-template/internal/updater/apply.go:61.50,64.3 2 0
github.com/your-org/go-selfupdate-template/internal/updater/apply.go:65.2,66.12 2 1
github.com/your-org/go-selfupdate-template/internal/updater/cache.go:22.44,22.89 1 1
github.com/your-org/go-selfupdate-template/internal/updater/cache.go:23.44,23.90 1 1
github.com/your-org/go-selfupdate-template/internal/updater/cache.go:24.45,26.24 2 1
github.com/your-org/go-selfupdate-template/internal/updater/cache.go:26.24,28.3 1 1
github.com/your-org/go-selfupdate-template/internal/updater/cache.go:29.2,29.16 1 1
github.com/your-org/go-selfupdate-template/internal/updater/cache.go:29.16,31.3 1 0
github.com/your-org/go-selfupdate-template/internal/updater/cache.go:32.2,33.33 2 1
github.com/your-org/go-selfupdate-template/internal/updater/cache.go:35.43,36.51 1 1
github.com/your-org/go-selfupdate-template/internal/updater/cache.go:36.51,38.3 1 0
github.com/your-org/go-selfupdate-template/internal/updater/cache.go:39.2,40.16 2 1
github.com/your-org/go-selfupdate-template/internal/updater/cache.go:40.16,42.3 1 0
github.com/your-org/go-selfupdate-template/internal/updater/cache.go:43.2,44.52 2 1
github.com/your-org/go-selfupdate-template/internal/updater/cache.go:44.52,46.3 1 0
github.com/your-org/go-selfupdate-template/internal/updater/cache.go:47.2,47.37 1 1
github.com/your-org/go-selfupdate-template/internal/updater/cache.go:49.72,50.15 1 1
github.com/your-org/go-selfupdate-template/internal/updater/cache.go:50.15,52.3 1 0
github.com/your-org/go-selfupdate-template/internal/updater/cache.go:53.2,53.75 1 1
github.com/your-org/go-selfupdate-template/internal/updater/cache.go:53.75,55.3 1 0
github.com/your-org/go-selfupdate-template/internal/updater/cache.go:56.2,57.50 2 1
github.com/your-org/go-selfupdate-template/internal/updater/cache.go:57.50,59.3 1 0
github.com/your-org/go-selfupdate-template/internal/updater/cache.go:60.2,64.25 5 1
github.com/your-org/go-selfupdate-template/internal/updater/cache.go:64.25,65.31 1 1
github.com/your-org/go-selfupdate-template/internal/updater/cache.go:65.31,69.4 3 0
github.com/your-org/go-selfupdate-template/internal/updater/cache.go:71.2,71.12 1 1
github.com/your-org/go-selfupdate-template/internal/updater/cache.go:71.12,73.3 1 1
github.com/your-org/go-selfupdate-template/internal/updater/cache.go:74.2,74.29 1 1
github.com/your-org/go-selfupdate-template/internal/updater/cache.go:76.54,77.14 1 1
github.com/your-org/go-selfupdate-template/internal/updater/cache.go:77.14,79.3 1 0
github.com/your-org/go-selfupdate-template/internal/updater/cache.go:80.2,81.16 2 1
github.com/your-org/go-selfupdate-template/internal/updater/cache.go:81.16,83.3 1 0
github.com/your-org/go-selfupdate-template/internal/updater/cache.go:84.2,84.36 1 1
github.com/your-org/go-selfupdate-template/internal/updater/cache.go:84.36,84.85 1 1
github.com/your-org/go-selfupdate-template/internal/updater/cache.go:85.2,86.19 2 1
github.com/your-org/go-selfupdate-template/internal/updater/cache.go:86.19,88.29 2 1
github.com/your-org/go-selfupdate-template/internal/updater/cache.go:88.29,90.4 1 1
github.com/your-org/go-selfupdate-template/internal/updater/cache.go:91.3,91.15 1 1
github.com/your-org/go-selfupdate-template/internal/updater/cache.go:93.2,93.27 1 1
github.com/your-org/go-selfupdate-template/internal/updater/cache.go:95.56,97.16 2 1
github.com/your-org/go-selfupdate-template/internal/updater/cache.go:97.16,99.3 1 0
github.com/your-org/go-selfupdate-template/internal/updater/cache.go:100.2,101.51 2 1
github.com/your-org/go-selfupdate-template/internal/updater/cache.go:101.51,103.3 1 0
github.com/your-org/go-selfupdate-template/internal/updater/cache.go:104.2,104.28 1 1
github.com/your-org/go-selfupdate-template/internal/updater/download.go:35.43,36.21 1 1
github.com/your-org/go-selfupdate-template/internal/updater/download.go:36.21,38.3 1 1
github.com/your-org/go-selfupdate-template/internal/updater/download.go:39.2,39.27 1 1
github.com/your-org/go-selfupdate-template/internal/updater/download.go:41.109,43.18 2 1
github.com/your-org/go-selfupdate-template/internal/updater/download.go:43.18,45.3 1 1
github.com/your-org/go-selfupdate-template/internal/updater/download.go:46.2,47.18 2 1
github.com/your-org/go-selfupdate-template/internal/updater/download.go:47.18,49.3 1 1
github.com/your-org/go-selfupdate-template/internal/updater/download.go:50.2,50.62 1 1
github.com/your-org/go-selfupdate-template/internal/updater/download.go:50.62,52.3 1 0
github.com/your-org/go-selfupdate-template/internal/updater/download.go:53.2,56.49 4 1
github.com/your-org/go-selfupdate-template/internal/updater/download.go:56.49,57.18 1 1
github.com/your-org/go-selfupdate-template/internal/updater/download.go:57.18,58.11 1 1
github.com/your-org/go-selfupdate-template/internal/updater/download.go:59.22,60.25 1 0
github.com/your-org/go-selfupdate-template/internal/updater/download.go:61.67,61.67 0 1
github.com/your-org/go-selfupdate-template/internal/updater/download.go:64.3,64.69 1 1
github.com/your-org/go-selfupdate-template/internal/updater/download.go:64.69,66.12 2 1
github.com/your-org/go-selfupdate-template/internal/updater/download.go:68.3,69.17 2 1
github.com/your-org/go-selfupdate-template/internal/updater/download.go:69.17,71.4 1 1
github.com/your-org/go-selfupdate-template/internal/updater/download.go:72.3,72.46 1 1
github.com/your-org/go-selfupdate-template/internal/updater/download.go:72.46,74.4 1 0
github.com/your-org/go-selfupdate-template/internal/updater/download.go:75.3,76.18 2 1
github.com/your-org/go-selfupdate-template/internal/updater/download.go:78.2,78.17 1 1
github.com/your-org/go-selfupdate-template/internal/updater/download.go:78.17,80.3 1 0
github.com/your-org/go-selfupdate-template/internal/updater/download.go:81.2,81.52 1 1
github.com/your-org/go-selfupdate-template/internal/updater/download.go:83.90,85.50 2 1
github.com/your-org/go-selfupdate-template/internal/updater/download.go:85.50,87.59 2 1
github.com/your-org/go-selfupdate-template/internal/updater/download.go:87.59,90.4 2 1
github.com/your-org/go-selfupdate-template/internal/updater/download.go:91.8,91.48 1 1
github.com/your-org/go-selfupdate-template/internal/updater/download.go:91.48,94.3 1 0
github.com/your-org/go-selfupdate-template/internal/updater/download.go:95.2,95.42 1 1
github.com/your-org/go-selfupdate-template/internal/updater/download.go:95.42,97.3 1 1
github.com/your-org/go-selfupdate-template/internal/updater/download.go:98.2,99.16 2 1
github.com/your-org/go-selfupdate-template/internal/updater/download.go:99.16,101.3 1 0
github.com/your-org/go-selfupdate-template/internal/updater/download.go:102.2,102.16 1 1
github.com/your-org/go-selfupdate-template/internal/updater/download.go:102.16,104.3 1 1
github.com/your-org/go-selfupdate-template/internal/updater/download.go:105.2,105.19 1 1
github.com/your-org/go-selfupdate-template/internal/updater/download.go:105.19,107.3 1 0
github.com/your-org/go-selfupdate-template/internal/updater/download.go:108.2,109.16 2 1
github.com/your-org/go-selfupdate-template/internal/updater/download.go:109.16,111.3 1 0
github.com/your-org/go-selfupdate-template/internal/updater/download.go:112.2,113.86 2 1
github.com/your-org/go-selfupdate-template/internal/updater/download.go:113.86,115.3 1 1
github.com/your-org/go-selfupdate-template/internal/updater/download.go:116.2,117.64 2 1
github.com/your-org/go-selfupdate-template/internal/updater/download.go:117.64,119.3 1 1
github.com/your-org/go-selfupdate-template/internal/updater/download.go:119.8,122.3 2 1
github.com/your-org/go-selfupdate-template/internal/updater/download.go:123.2,124.16 2 1
github.com/your-org/go-selfupdate-template/internal/updater/download.go:124.16,126.3 1 0
github.com/your-org/go-selfupdate-template/internal/updater/download.go:127.2,131.40 5 1
github.com/your-org/go-selfupdate-template/internal/updater/download.go:131.40,133.3 1 1
github.com/your-org/go-selfupdate-template/internal/updater/download.go:134.2,134.20 1 1
github.com/your-org/go-selfupdate-template/internal/updater/download.go:134.20,136.3 1 0
github.com/your-org/go-selfupdate-template/internal/updater/download.go:137.2,137.20 1 1
github.com/your-org/go-selfupdate-template/internal/updater/download.go:137.20,139.3 1 0
github.com/your-org/go-selfupdate-template/internal/updater/download.go:140.2,140.17 1 1
github.com/your-org/go-selfupdate-template/internal/updater/download.go:142.85,144.16 2 1
github.com/your-org/go-selfupdate-template/internal/updater/download.go:144.16,146.3 1 0
github.com/your-org/go-selfupdate-template/internal/updater/download.go:147.2,149.66 3 1
github.com/your-org/go-selfupdate-template/internal/updater/download.go:149.66,151.3 1 1
github.com/your-org/go-selfupdate-template/internal/updater/download.go:152.2,152.21 1 1
github.com/your-org/go-selfupdate-template/internal/updater/download.go:152.21,154.28 2 1
github.com/your-org/go-selfupdate-template/internal/updater/download.go:154.28,155.41 1 1
github.com/your-org/go-selfupdate-template/internal/updater/download.go:155.41,157.10 2 1
github.com/your-org/go-selfupdate-template/internal/updater/download.go:160.3,160.10 1 1
github.com/your-org/go-selfupdate-template/internal/updater/download.go:160.10,162.4 1 0
github.com/your-org/go-selfupdate-template/internal/updater/download.go:164.2,164.20 1 1
github.com/your-org/go-selfupdate-template/internal/updater/manifest.go:51.51,53.49 2 1
github.com/your-org/go-selfupdate-template/internal/updater/manifest.go:53.49,55.3 1 0
github.com/your-org/go-selfupdate-template/internal/updater/manifest.go:56.2,56.53 1 1
github.com/your-org/go-selfupdate-template/internal/updater/manifest.go:56.53,58.3 1 0
github.com/your-org/go-selfupdate-template/internal/updater/manifest.go:59.2,59.15 1 1
github.com/your-org/go-selfupdate-template/internal/updater/manifest.go:61.49,62.19 1 1
github.com/your-org/go-selfupdate-template/internal/updater/manifest.go:62.19,64.3 1 0
github.com/your-org/go-selfupdate-template/internal/updater/manifest.go:65.2,65.26 1 1
github.com/your-org/go-selfupdate-template/internal/updater/manifest.go:65.26,67.3 1 0
github.com/your-org/go-selfupdate-template/internal/updater/manifest.go:68.2,68.51 1 1
github.com/your-org/go-selfupdate-template/internal/updater/manifest.go:68.51,70.3 1 1
github.com/your-org/go-selfupdate-template/internal/updater/manifest.go:71.2,71.34 1 1
github.com/your-org/go-selfupdate-template/internal/updater/manifest.go:71.34,72.53 1 1
github.com/your-org/go-selfupdate-template/internal/updater/manifest.go:72.53,74.4 1 0
github.com/your-org/go-selfupdate-template/internal/updater/manifest.go:75.3,75.55 1 1
github.com/your-org/go-selfupdate-template/internal/updater/manifest.go:75.55,77.4 1 0
github.com/your-org/go-selfupdate-template/internal/updater/manifest.go:78.3,78.61 1 1
github.com/your-org/go-selfupdate-template/internal/updater/manifest.go:78.61,80.4 1 0
github.com/your-org/go-selfupdate-template/internal/updater/manifest.go:82.2,82.12 1 1
github.com/your-org/go-selfupdate-template/internal/updater/manifest.go:84.51,84.95 2 1
github.com/your-org/go-selfupdate-template/internal/updater/manifest.go:85.53,87.16 2 1
github.com/your-org/go-selfupdate-template/internal/updater/manifest.go:87.16,89.3 1 0
github.com/your-org/go-selfupdate-template/internal/updater/manifest.go:90.2,91.16 2 1
github.com/your-org/go-selfupdate-template/internal/updater/manifest.go:91.16,93.3 1 0
github.com/your-org/go-selfupdate-template/internal/updater/manifest.go:94.2,94.37 1 1
github.com/your-org/go-selfupdate-template/internal/updater/manifest.go:94.37,96.17 2 1
github.com/your-org/go-selfupdate-template/internal/updater/manifest.go:96.17,97.12 1 0
github.com/your-org/go-selfupdate-template/internal/updater/manifest.go:99.3,99.50 1 1
github.com/your-org/go-selfupdate-template/internal/updater/manifest.go:99.50,101.4 1 1
github.com/your-org/go-selfupdate-template/internal/updater/manifest.go:103.2,103.29 1 1
github.com/your-org/go-selfupdate-template/internal/updater/manifest.go:105.76,109.16 4 1
github.com/your-org/go-selfupdate-template/internal/updater/manifest.go:109.16,111.3 1 0
github.com/your-org/go-selfupdate-template/internal/updater/manifest.go:112.2,113.12 2 1
github.com/your-org/go-selfupdate-template/internal/updater/manifest.go:115.96,117.9 2 1
github.com/your-org/go-selfupdate-template/internal/updater/manifest.go:117.9,119.3 1 0
github.com/your-org/go-selfupdate-template/internal/updater/manifest.go:120.2,122.30 3 1
github.com/your-org/go-selfupdate-template/internal/updater/manifest.go:122.30,123.18 1 1
github.com/your-org/go-selfupdate-template/internal/updater/manifest.go:123.18,127.4 3 1
github.com/your-org/go-selfupdate-template/internal/updater/manifest.go:128.3,128.19 1 1
github.com/your-org/go-selfupdate-template/internal/updater/manifest.go:128.19,130.4 1 1
github.com/your-org/go-selfupdate-template/internal/updater/manifest.go:132.2,133.16 2 1
github.com/your-org/go-selfupdate-template/internal/updater/manifest.go:133.16,135.3 1 0
github.com/your-org/go-selfupdate-template/internal/updater/manifest.go:136.2,138.16 3 1
github.com/your-org/go-selfupdate-template/internal/updater/manifest.go:138.16,140.3 1 0
github.com/your-org/go-selfupdate-template/internal/updater/manifest.go:141.2,142.16 2 1
github.com/your-org/go-selfupdate-template/internal/updater/manifest.go:142.16,144.3 1 0
github.com/your-org/go-selfupdate-template/internal/updater/manifest.go:145.2,145.60 1 1
github.com/your-org/go-selfupdate-template/internal/updater/manifest.go:145.60,149.3 3 1
github.com/your-org/go-selfupdate-template/internal/updater/manifest.go:150.2,150.20 1 1
github.com/your-org/go-selfupdate-template/internal/updater/manifest.go:150.20,153.3 2 1
github.com/your-org/go-selfupdate-template/internal/updater/manifest.go:154.2,154.26 1 1
github.com/your-org/go-selfupdate-template/internal/updater/manifest.go:154.26,157.3 2 1
github.com/your-org/go-selfupdate-template/internal/updater/manifest.go:158.2,158.26 1 1
github.com/your-org/go-selfupdate-template/internal/updater/manifest.go:158.26,162.3 3 0
github.com/your-org/go-selfupdate-template/internal/updater/manifest.go:163.2,165.71 3 1
github.com/your-org/go-selfupdate-template/internal/updater/manifest.go:165.71,169.3 3 0
github.com/your-org/go-selfupdate-template/internal/updater/manifest.go:170.2,170.19 1 1
github.com/your-org/go-selfupdate-template/internal/updater/manifest.go:170.19,172.21 2 1
github.com/your-org/go-selfupdate-template/internal/updater/manifest.go:172.21,174.4 1 1
github.com/your-org/go-selfupdate-template/internal/updater/manifest.go:176.2,176.20 1 1
github.com/your-org/go-selfupdate-template/internal/updater/manifest.go:176.20,178.3 1 1
github.com/your-org/go-selfupdate-template/internal/updater/manifest.go:179.2,179.15 1 1
github.com/your-org/go-selfupdate-template/internal/updater/manifest.go:181.42,185.2 3 1
github.com/your-org/go-selfupdate-template/internal/updater/metadata_cache.go:30.44,31.16 1 1
github.com/your-org/go-selfupdate-template/internal/updater/metadata_cache.go:31.16,33.3 1 0
github.com/your-org/go-selfupdate-template/internal/updater/metadata_cache.go:34.2,34.14 1 1
github.com/your-org/go-selfupdate-template/internal/updater/metadata_cache.go:37.139,38.19 1 1
github.com/your-org/go-selfupdate-template/internal/updater/metadata_cache.go:38.19,40.3 1 0
github.com/your-org/go-selfupdate-template/internal/updater/metadata_cache.go:41.2,41.18 1 1
github.com/your-org/go-selfupdate-template/internal/updater/metadata_cache.go:41.18,44.3 2 1
github.com/your-org/go-selfupdate-template/internal/updater/metadata_cache.go:45.2,53.101 9 1
github.com/your-org/go-selfupdate-template/internal/updater/metadata_cache.go:53.101,55.61 2 1
github.com/your-org/go-selfupdate-template/internal/updater/metadata_cache.go:55.61,57.4 1 1
github.com/your-org/go-selfupdate-template/internal/updater/metadata_cache.go:59.2,60.46 2 1
github.com/your-org/go-selfupdate-template/internal/updater/metadata_cache.go:60.46,65.3 4 1
github.com/your-org/go-selfupdate-template/internal/updater/metadata_cache.go:66.2,66.16 1 1
github.com/your-org/go-selfupdate-template/internal/updater/metadata_cache.go:66.16,68.3 1 0
github.com/your-org/go-selfupdate-template/internal/updater/metadata_cache.go:69.2,70.48 2 1
github.com/your-org/go-selfupdate-template/internal/updater/metadata_cache.go:70.48,72.3 1 0
github.com/your-org/go-selfupdate-template/internal/updater/metadata_cache.go:73.2,73.59 1 1
github.com/your-org/go-selfupdate-template/internal/updater/metadata_cache.go:73.59,75.3 1 0
github.com/your-org/go-selfupdate-template/internal/updater/metadata_cache.go:76.2,77.62 2 1
github.com/your-org/go-selfupdate-template/internal/updater/metadata_cache.go:77.62,79.3 1 0
github.com/your-org/go-selfupdate-template/internal/updater/metadata_cache.go:80.2,80.18 1 1
github.com/your-org/go-selfupdate-template/internal/updater/metadata_cache.go:91.162,93.16 2 1
github.com/your-org/go-selfupdate-template/internal/updater/metadata_cache.go:93.16,95.3 1 0
github.com/your-org/go-selfupdate-template/internal/updater/metadata_cache.go:96.2,96.33 1 1
github.com/your-org/go-selfupdate-template/internal/updater/metadata_cache.go:96.33,97.32 1 1
github.com/your-org/go-selfupdate-template/internal/updater/metadata_cache.go:97.32,99.4 1 1
github.com/your-org/go-selfupdate-template/internal/updater/metadata_cache.go:101.2,101.17 1 1
github.com/your-org/go-selfupdate-template/internal/updater/metadata_cache.go:101.17,103.3 1 1
github.com/your-org/go-selfupdate-template/internal/updater/metadata_cache.go:104.2,104.16 1 1
github.com/your-org/go-selfupdate-template/internal/updater/metadata_cache.go:104.16,106.3 1 1
github.com/your-org/go-selfupdate-template/internal/updater/metadata_cache.go:107.2,108.16 2 1
github.com/your-org/go-selfupdate-template/internal/updater/metadata_cache.go:108.16,110.3 1 0
github.com/your-org/go-selfupdate-template/internal/updater/metadata_cache.go:111.2,112.47 2 1
github.com/your-org/go-selfupdate-template/internal/updater/metadata_cache.go:112.47,114.3 1 1
github.com/your-org/go-selfupdate-template/internal/updater/metadata_cache.go:115.2,115.30 1 1
github.com/your-org/go-selfupdate-template/internal/updater/metadata_cache.go:115.30,118.3 2 0
github.com/your-org/go-selfupdate-template/internal/updater/metadata_cache.go:119.2,119.16 1 1
github.com/your-org/go-selfupdate-template/internal/updater/metadata_cache.go:119.16,121.3 1 0
github.com/your-org/go-selfupdate-template/internal/updater/metadata_cache.go:122.2,123.16 2 1
github.com/your-org/go-selfupdate-template/internal/updater/metadata_cache.go:123.16,125.3 1 0
github.com/your-org/go-selfupdate-template/internal/updater/metadata_cache.go:126.2,126.27 1 1
github.com/your-org/go-selfupdate-template/internal/updater/metadata_cache.go:126.27,128.3 1 0
github.com/your-org/go-selfupdate-template/internal/updater/metadata_cache.go:129.2,129.70 1 1
github.com/your-org/go-selfupdate-template/internal/updater/metadata_cache.go:132.68,133.63 1 1
github.com/your-org/go-selfupdate-template/internal/updater/metadata_cache.go:133.63,135.3 1 0
github.com/your-org/go-selfupdate-template/internal/updater/metadata_cache.go:136.2,137.54 2 1
github.com/your-org/go-selfupdate-template/internal/updater/metadata_cache.go:137.54,139.3 1 0
github.com/your-org/go-selfupdate-template/internal/updater/metadata_cache.go:140.2,140.29 1 1
github.com/your-org/go-selfupdate-template/internal/updater/metadata_cache.go:143.70,145.16 2 1
github.com/your-org/go-selfupdate-template/internal/updater/metadata_cache.go:145.16,147.3 1 0
github.com/your-org/go-selfupdate-template/internal/updater/metadata_cache.go:148.2,148.35 1 1
github.com/your-org/go-selfupdate-template/internal/updater/resolver.go:27.83,28.25 1 1
github.com/your-org/go-selfupdate-template/internal/updater/resolver.go:28.25,30.3 1 0
github.com/your-org/go-selfupdate-template/internal/updater/resolver.go:31.2,37.30 4 1
github.com/your-org/go-selfupdate-template/internal/updater/resolver.go:37.30,39.21 2 1
github.com/your-org/go-selfupdate-template/internal/updater/resolver.go:39.21,44.18 5 1
github.com/your-org/go-selfupdate-template/internal/updater/resolver.go:44.18,48.5 3 1
github.com/your-org/go-selfupdate-template/internal/updater/resolver.go:49.4,49.24 1 1
github.com/your-org/go-selfupdate-template/internal/updater/resolver.go:49.24,52.5 2 1
github.com/your-org/go-selfupdate-template/internal/updater/resolver.go:53.4,53.28 1 1
github.com/your-org/go-selfupdate-template/internal/updater/resolver.go:56.2,62.20 6 1
github.com/your-org/go-selfupdate-template/internal/updater/resolver.go:62.20,63.23 1 1
github.com/your-org/go-selfupdate-template/internal/updater/resolver.go:63.23,65.4 1 1
github.com/your-org/go-selfupdate-template/internal/updater/resolver.go:65.9,68.4 2 1
github.com/your-org/go-selfupdate-template/internal/updater/resolver.go:70.2,70.18 1 1
github.com/your-org/go-selfupdate-template/internal/updater/resolver.go:70.18,72.3 1 1
github.com/your-org/go-selfupdate-template/internal/updater/resolver.go:74.2,75.26 2 1
github.com/your-org/go-selfupdate-template/internal/updater/resolver.go:75.26,76.58 1 1
github.com/your-org/go-selfupdate-template/internal/updater/resolver.go:76.58,77.12 1 0
github.com/your-org/go-selfupdate-template/internal/updater/resolver.go:79.3,79.54 1 1
github.com/your-org/go-selfupdate-template/internal/updater/resolver.go:79.54,80.12 1 0
github.com/your-org/go-selfupdate-template/internal/updater/resolver.go:82.3,82.29 1 1
github.com/your-org/go-selfupdate-template/internal/updater/resolver.go:84.2,85.19 2 1
github.com/your-org/go-selfupdate-template/internal/updater/resolver.go:85.19,87.3 1 0
github.com/your-org/go-selfupdate-template/internal/updater/resolver.go:92.2,92.44 1 1
github.com/your-org/go-selfupdate-template/internal/updater/resolver.go:92.44,95.32 3 1
github.com/your-org/go-selfupdate-template/internal/updater/resolver.go:95.32,97.4 1 1
github.com/your-org/go-selfupdate-template/internal/updater/resolver.go:98.3,98.41 1 1
github.com/your-org/go-selfupdate-template/internal/updater/resolver.go:100.2,101.32 2 1
github.com/your-org/go-selfupdate-template/internal/updater/resolver.go:101.32,103.3 1 0
github.com/your-org/go-selfupdate-template/internal/updater/resolver.go:104.2,106.26 3 1
github.com/your-org/go-selfupdate-template/internal/updater/resolver.go:106.26,107.35 1 1
github.com/your-org/go-selfupdate-template/internal/updater/resolver.go:107.35,108.12 1 1
github.com/your-org/go-selfupdate-template/internal/updater/resolver.go:110.3,111.17 2 1
github.com/your-org/go-selfupdate-template/internal/updater/resolver.go:111.17,113.12 2 0
github.com/your-org/go-selfupdate-template/internal/updater/resolver.go:115.3,115.73 1 1
github.com/your-org/go-selfupdate-template/internal/updater/resolver.go:117.2,117.26 1 1
github.com/your-org/go-selfupdate-template/internal/updater/resolver.go:117.26,119.3 1 0
github.com/your-org/go-selfupdate-template/internal/updater/resolver.go:120.2,121.112 2 1
github.com/your-org/go-selfupdate-template/internal/updater/source.go:58.39,58.86 1 1
github.com/your-org/go-selfupdate-template/internal/updater/source.go:67.49,69.23 2 1
github.com/your-org/go-selfupdate-template/internal/updater/source.go:69.23,71.3 1 0
github.com/your-org/go-selfupdate-template/internal/updater/source.go:72.2,72.58 1 1
github.com/your-org/go-selfupdate-template/internal/updater/source.go:74.70,76.29 2 1
github.com/your-org/go-selfupdate-template/internal/updater/source.go:76.29,77.21 1 1
github.com/your-org/go-selfupdate-template/internal/updater/source.go:77.21,79.4 1 1
github.com/your-org/go-selfupdate-template/internal/updater/source.go:81.2,81.84 1 0
github.com/your-org/go-selfupdate-template/internal/updater/source.go:83.63,85.2 1 0
github.com/your-org/go-selfupdate-template/internal/updater/source.go:87.37,88.43 1 1
github.com/your-org/go-selfupdate-template/internal/updater/source.go:88.43,91.29 3 1
github.com/your-org/go-selfupdate-template/internal/updater/source.go:91.29,93.4 1 0
github.com/your-org/go-selfupdate-template/internal/updater/source.go:94.3,94.26 1 1
github.com/your-org/go-selfupdate-template/internal/updater/source_azure.go:21.41,21.59 1 1
github.com/your-org/go-selfupdate-template/internal/updater/source_azure.go:22.49,23.21 1 1
github.com/your-org/go-selfupdate-template/internal/updater/source_azure.go:23.21,25.3 1 1
github.com/your-org/go-selfupdate-template/internal/updater/source_azure.go:26.2,26.27 1 0
github.com/your-org/go-selfupdate-template/internal/updater/source_azure.go:28.89,29.22 1 1
github.com/your-org/go-selfupdate-template/internal/updater/source_azure.go:29.22,31.3 1 0
github.com/your-org/go-selfupdate-template/internal/updater/source_azure.go:32.2,33.17 2 1
github.com/your-org/go-selfupdate-template/internal/updater/source_azure.go:33.17,35.3 1 1
github.com/your-org/go-selfupdate-template/internal/updater/source_azure.go:36.2,37.16 2 1
github.com/your-org/go-selfupdate-template/internal/updater/source_azure.go:37.16,39.3 1 0
github.com/your-org/go-selfupdate-template/internal/updater/source_azure.go:40.2,43.51 2 1
github.com/your-org/go-selfupdate-template/internal/updater/source_azure.go:43.51,45.3 1 0
github.com/your-org/go-selfupdate-template/internal/updater/source_azure.go:46.2,47.33 2 1
github.com/your-org/go-selfupdate-template/internal/updater/source_azure.go:47.33,48.41 1 1
github.com/your-org/go-selfupdate-template/internal/updater/source_azure.go:48.41,49.12 1 0
github.com/your-org/go-selfupdate-template/internal/updater/source_azure.go:51.3,51.44 1 1
github.com/your-org/go-selfupdate-template/internal/updater/source_azure.go:51.44,52.12 1 0
github.com/your-org/go-selfupdate-template/internal/updater/source_azure.go:54.3,54.52 1 1
github.com/your-org/go-selfupdate-template/internal/updater/source_azure.go:54.52,55.12 1 0
github.com/your-org/go-selfupdate-template/internal/updater/source_azure.go:57.3,58.23 2 1
github.com/your-org/go-selfupdate-template/internal/updater/source_azure.go:60.2,61.17 2 1
github.com/your-org/go-selfupdate-template/internal/updater/source_azure.go:63.86,65.2 1 0
github.com/your-org/go-selfupdate-template/internal/updater/source_github.go:21.38,21.57 1 1
github.com/your-org/go-selfupdate-template/internal/updater/source_github.go:22.46,23.21 1 1
github.com/your-org/go-selfupdate-template/internal/updater/source_github.go:23.21,25.3 1 1
github.com/your-org/go-selfupdate-template/internal/updater/source_github.go:26.2,26.27 1 0
github.com/your-org/go-selfupdate-template/internal/updater/source_github.go:28.86,29.48 1 1
github.com/your-org/go-selfupdate-template/internal/updater/source_github.go:29.48,31.3 1 0
github.com/your-org/go-selfupdate-template/internal/updater/source_github.go:32.2,33.16 2 1
github.com/your-org/go-selfupdate-template/internal/updater/source_github.go:33.16,35.3 1 0
github.com/your-org/go-selfupdate-template/internal/updater/source_github.go:36.2,41.16 6 1
github.com/your-org/go-selfupdate-template/internal/updater/source_github.go:41.16,43.3 1 0
github.com/your-org/go-selfupdate-template/internal/updater/source_github.go:44.2,57.51 2 1
github.com/your-org/go-selfupdate-template/internal/updater/source_github.go:57.51,59.3 1 0
github.com/your-org/go-selfupdate-template/internal/updater/source_github.go:60.2,61.24 2 1
github.com/your-org/go-selfupdate-template/internal/updater/source_github.go:61.24,62.41 1 1
github.com/your-org/go-selfupdate-template/internal/updater/source_github.go:62.41,63.12 1 1
github.com/your-org/go-selfupdate-template/internal/updater/source_github.go:65.3,65.44 1 1
github.com/your-org/go-selfupdate-template/internal/updater/source_github.go:65.44,66.12 1 0
github.com/your-org/go-selfupdate-template/internal/updater/source_github.go:68.3,69.17 2 1
github.com/your-org/go-selfupdate-template/internal/updater/source_github.go:69.17,70.12 1 0
github.com/your-org/go-selfupdate-template/internal/updater/source_github.go:72.3,72.53 1 1
github.com/your-org/go-selfupdate-template/internal/updater/source_github.go:72.53,73.12 1 0
github.com/your-org/go-selfupdate-template/internal/updater/source_github.go:75.3,76.30 2 1
github.com/your-org/go-selfupdate-template/internal/updater/source_github.go:76.30,79.4 2 1
github.com/your-org/go-selfupdate-template/internal/updater/source_github.go:80.3,80.23 1 1
github.com/your-org/go-selfupdate-template/internal/updater/source_github.go:82.2,83.17 2 1
github.com/your-org/go-selfupdate-template/internal/updater/source_github.go:85.83,87.2 1 0
github.com/your-org/go-selfupdate-template/internal/updater/source_http.go:10.107,11.24 1 0
github.com/your-org/go-selfupdate-template/internal/updater/source_http.go:11.24,13.3 1 0
github.com/your-org/go-selfupdate-template/internal/updater/source_http.go:14.2,15.16 2 0
github.com/your-org/go-selfupdate-template/internal/updater/source_http.go:15.16,17.3 1 0
github.com/your-org/go-selfupdate-template/internal/updater/source_http.go:18.2,18.17 1 0
github.com/your-org/go-selfupdate-template/internal/updater/source_http.go:18.17,20.3 1 0
github.com/your-org/go-selfupdate-template/internal/updater/source_http.go:21.2,22.16 2 0
github.com/your-org/go-selfupdate-template/internal/updater/source_http.go:22.16,24.3 1 0
github.com/your-org/go-selfupdate-template/internal/updater/source_http.go:25.2,26.30 2 0
github.com/your-org/go-selfupdate-template/internal/updater/source_http.go:26.30,28.3 1 0
github.com/your-org/go-selfupdate-template/internal/updater/source_http.go:29.2,30.12 2 0
github.com/your-org/go-selfupdate-template/internal/updater/updater.go:33.36,33.60 1 0
github.com/your-org/go-selfupdate-template/internal/updater/updater.go:34.36,34.52 1 0
github.com/your-org/go-selfupdate-template/internal/updater/updater.go:66.36,67.18 1 1
github.com/your-org/go-selfupdate-template/internal/updater/updater.go:67.18,69.3 1 0
github.com/your-org/go-selfupdate-template/internal/updater/updater.go:70.2,70.19 1 1
github.com/your-org/go-selfupdate-template/internal/updater/updater.go:72.72,74.2 1 0
github.com/your-org/go-selfupdate-template/internal/updater/updater.go:78.89,80.25 2 1
github.com/your-org/go-selfupdate-template/internal/updater/updater.go:80.25,82.17 2 1
github.com/your-org/go-selfupdate-template/internal/updater/updater.go:82.17,84.4 1 0
github.com/your-org/go-selfupdate-template/internal/updater/updater.go:85.3,86.10 2 1
github.com/your-org/go-selfupdate-template/internal/updater/updater.go:86.10,88.4 1 0
github.com/your-org/go-selfupdate-template/internal/updater/updater.go:89.3,89.30 1 1
github.com/your-org/go-selfupdate-template/internal/updater/updater.go:89.30,91.25 2 1
github.com/your-org/go-selfupdate-template/internal/updater/updater.go:91.25,93.5 1 0
github.com/your-org/go-selfupdate-template/internal/updater/updater.go:96.2,97.36 2 1
github.com/your-org/go-selfupdate-template/internal/updater/updater.go:100.94,106.28 3 1
github.com/your-org/go-selfupdate-template/internal/updater/updater.go:106.28,107.21 1 1
github.com/your-org/go-selfupdate-template/internal/updater/updater.go:107.21,110.18 3 1
github.com/your-org/go-selfupdate-template/internal/updater/updater.go:110.18,114.5 3 0
github.com/your-org/go-selfupdate-template/internal/updater/updater.go:115.4,115.21 1 1
github.com/your-org/go-selfupdate-template/internal/updater/updater.go:115.21,118.5 2 1
github.com/your-org/go-selfupdate-template/internal/updater/updater.go:119.4,119.17 1 1
github.com/your-org/go-selfupdate-template/internal/updater/updater.go:122.2,124.20 3 1
github.com/your-org/go-selfupdate-template/internal/updater/updater.go:124.20,126.17 2 1
github.com/your-org/go-selfupdate-template/internal/updater/updater.go:126.17,128.4 1 0
github.com/your-org/go-selfupdate-template/internal/updater/updater.go:128.9,130.4 1 1
github.com/your-org/go-selfupdate-template/internal/updater/updater.go:132.2,133.18 2 1
github.com/your-org/go-selfupdate-template/internal/updater/updater.go:136.89,138.18 2 1
github.com/your-org/go-selfupdate-template/internal/updater/updater.go:138.18,140.3 1 1
github.com/your-org/go-selfupdate-template/internal/updater/updater.go:141.2,147.25 6 1
github.com/your-org/go-selfupdate-template/internal/updater/updater.go:147.25,149.17 2 1
github.com/your-org/go-selfupdate-template/internal/updater/updater.go:149.17,151.4 1 0
github.com/your-org/go-selfupdate-template/internal/updater/updater.go:152.3,154.10 3 1
github.com/your-org/go-selfupdate-template/internal/updater/updater.go:154.10,156.4 1 0
github.com/your-org/go-selfupdate-template/internal/updater/updater.go:157.3,157.29 1 1
github.com/your-org/go-selfupdate-template/internal/updater/updater.go:157.29,159.4 1 1
github.com/your-org/go-selfupdate-template/internal/updater/updater.go:160.3,160.25 1 1
github.com/your-org/go-selfupdate-template/internal/updater/updater.go:160.25,162.25 2 0
github.com/your-org/go-selfupdate-template/internal/updater/updater.go:162.25,164.5 1 0
github.com/your-org/go-selfupdate-template/internal/updater/updater.go:168.2,169.16 2 1
github.com/your-org/go-selfupdate-template/internal/updater/updater.go:169.16,170.47 1 0
github.com/your-org/go-selfupdate-template/internal/updater/updater.go:170.47,172.4 1 0
github.com/your-org/go-selfupdate-template/internal/updater/updater.go:173.3,173.66 1 0
github.com/your-org/go-selfupdate-template/internal/updater/updater.go:175.2,176.19 2 1
github.com/your-org/go-selfupdate-template/internal/updater/updater.go:176.19,179.17 3 1
github.com/your-org/go-selfupdate-template/internal/updater/updater.go:179.17,181.4 1 0
github.com/your-org/go-selfupdate-template/internal/updater/updater.go:183.2,184.16 2 1
github.com/your-org/go-selfupdate-template/internal/updater/updater.go:184.16,186.3 1 0
github.com/your-org/go-selfupdate-template/internal/updater/updater.go:187.2,187.14 1 1
github.com/your-org/go-selfupdate-template/internal/updater/updater.go:187.14,189.3 1 0
github.com/your-org/go-selfupdate-template/internal/updater/updater.go:190.2,190.16 1 1
github.com/your-org/go-selfupdate-template/internal/updater/updater.go:190.16,192.3 1 0
github.com/your-org/go-selfupdate-template/internal/updater/updater.go:193.2,193.66 1 1
github.com/your-org/go-selfupdate-template/internal/updater/updater.go:193.66,195.3 1 1
github.com/your-org/go-selfupdate-template/internal/updater/updater.go:197.2,198.26 2 1
github.com/your-org/go-selfupdate-template/internal/updater/updater.go:198.26,200.3 1 0
github.com/your-org/go-selfupdate-template/internal/updater/updater.go:201.2,202.39 2 1
github.com/your-org/go-selfupdate-template/internal/updater/updater.go:202.39,204.17 2 1
github.com/your-org/go-selfupdate-template/internal/updater/updater.go:204.17,208.4 1 0
github.com/your-org/go-selfupdate-template/internal/updater/updater.go:209.3,212.17 4 1
github.com/your-org/go-selfupdate-template/internal/updater/updater.go:212.17,213.39 1 1
github.com/your-org/go-selfupdate-template/internal/updater/updater.go:213.39,215.5 1 0
github.com/your-org/go-selfupdate-template/internal/updater/updater.go:216.4,218.12 3 1
github.com/your-org/go-selfupdate-template/internal/updater/updater.go:220.3,221.17 2 1
github.com/your-org/go-selfupdate-template/internal/updater/updater.go:221.17,223.4 1 0
github.com/your-org/go-selfupdate-template/internal/updater/updater.go:224.3,229.41 6 1
github.com/your-org/go-selfupdate-template/internal/updater/updater.go:229.41,229.93 1 1
github.com/your-org/go-selfupdate-template/internal/updater/updater.go:229.107,231.4 1 0
github.com/your-org/go-selfupdate-template/internal/updater/updater.go:232.3,233.21 2 1
github.com/your-org/go-selfupdate-template/internal/updater/updater.go:235.2,235.25 1 0
github.com/your-org/go-selfupdate-template/internal/updater/updater.go:235.25,237.3 1 0
github.com/your-org/go-selfupdate-template/internal/updater/updater.go:238.2,238.126 1 0
github.com/your-org/go-selfupdate-template/internal/updater/updater.go:241.61,243.31 2 1
github.com/your-org/go-selfupdate-template/internal/updater/updater.go:243.31,245.3 1 1
github.com/your-org/go-selfupdate-template/internal/updater/updater.go:246.2,247.29 2 1
github.com/your-org/go-selfupdate-template/internal/updater/updater.go:247.29,248.55 1 1
github.com/your-org/go-selfupdate-template/internal/updater/updater.go:248.55,250.4 1 1
github.com/your-org/go-selfupdate-template/internal/updater/updater.go:252.2,252.12 1 1
github.com/your-org/go-selfupdate-template/internal/updater/updater.go:255.70,257.16 2 1
github.com/your-org/go-selfupdate-template/internal/updater/updater.go:257.16,259.3 1 0
github.com/your-org/go-selfupdate-template/internal/updater/updater.go:260.2,261.16 2 1
github.com/your-org/go-selfupdate-template/internal/updater/updater.go:261.16,263.3 1 0
github.com/your-org/go-selfupdate-template/internal/updater/updater.go:264.2,264.27 1 1
github.com/your-org/go-selfupdate-template/internal/updater/updater.go:264.27,265.48 1 0
github.com/your-org/go-selfupdate-template/internal/updater/updater.go:265.48,267.4 1 0
github.com/your-org/go-selfupdate-template/internal/updater/updater.go:269.2,269.15 1 1
github.com/your-org/go-selfupdate-template/internal/updater/updater.go:272.39,273.21 1 1
github.com/your-org/go-selfupdate-template/internal/updater/updater.go:273.21,275.3 1 1
github.com/your-org/go-selfupdate-template/internal/updater/updater.go:276.2,276.27 1 1
github.com/your-org/go-selfupdate-template/internal/updater/updater.go:278.36,279.23 1 1
github.com/your-org/go-selfupdate-template/internal/updater/updater.go:279.23,281.3 1 0
github.com/your-org/go-selfupdate-template/internal/updater/updater.go:282.2,282.76 1 1
github.com/your-org/go-selfupdate-template/internal/updater/updater.go:282.76,283.81 1 1
github.com/your-org/go-selfupdate-template/internal/updater/updater.go:283.81,285.4 1 1
github.com/your-org/go-selfupdate-template/internal/updater/updater.go:287.2,288.10 2 0
github.com/your-org/go-selfupdate-template/internal/updater/updater.go:290.31,290.92 2 0
github.com/your-org/go-selfupdate-template/internal/updater/updater.go:293.96,295.2 1 0
github.com/your-org/go-selfupdate-template/internal/updater/updater.go:297.95,298.24 1 1
github.com/your-org/go-selfupdate-template/internal/updater/updater.go:298.24,299.39 1 1
github.com/your-org/go-selfupdate-template/internal/updater/updater.go:299.39,300.83 1 1
github.com/your-org/go-selfupdate-template/internal/updater/updater.go:300.83,301.13 1 1
github.com/your-org/go-selfupdate-template/internal/updater/updater.go:303.4,304.18 2 1
github.com/your-org/go-selfupdate-template/internal/updater/updater.go:304.18,305.13 1 0
github.com/your-org/go-selfupdate-template/internal/updater/updater.go:307.4,307.56 1 1
github.com/your-org/go-selfupdate-template/internal/updater/updater.go:307.56,309.24 2 1
github.com/your-org/go-selfupdate-template/internal/updater/updater.go:309.24,310.14 1 0
github.com/your-org/go-selfupdate-template/internal/updater/updater.go:312.5,313.27 2 1
github.com/your-org/go-selfupdate-template/internal/updater/updater.go:313.27,315.11 2 1
github.com/your-org/go-selfupdate-template/internal/updater/updater.go:318.4,318.26 1 1
github.com/your-org/go-selfupdate-template/internal/updater/updater.go:318.26,319.10 1 1
github.com/your-org/go-selfupdate-template/internal/updater/updater.go:323.2,323.27 1 1
github.com/your-org/go-selfupdate-template/internal/updater/updater.go:323.27,324.39 1 1
github.com/your-org/go-selfupdate-template/internal/updater/updater.go:324.39,325.38 1 1
github.com/your-org/go-selfupdate-template/internal/updater/updater.go:325.38,326.13 1 1
github.com/your-org/go-selfupdate-template/internal/updater/updater.go:328.4,329.18 2 1
github.com/your-org/go-selfupdate-template/internal/updater/updater.go:329.18,331.5 1 0
github.com/your-org/go-selfupdate-template/internal/updater/updater.go:332.4,333.9 2 1
github.com/your-org/go-selfupdate-template/internal/updater/updater.go:336.2,336.24 1 1
github.com/your-org/go-selfupdate-template/internal/updater/updater.go:336.24,338.3 1 1
github.com/your-org/go-selfupdate-template/internal/updater/updater.go:339.2,339.52 1 1
github.com/your-org/go-selfupdate-template/internal/updater/updater.go:339.52,341.3 1 0
github.com/your-org/go-selfupdate-template/internal/updater/updater.go:342.2,342.19 1 1
github.com/your-org/go-selfupdate-template/internal/updater/updater.go:345.90,347.2 1 1
